// Jest Snapshot v1, https://goo.gl/fbAQLP

exports[`plugin should match expected export 1`] = `
{
  "ci": {
    "overrides": [
      {
        "files": [
          "*",
        ],
        "processor": "diff/ci",
      },
    ],
    "plugins": [
      "diff",
    ],
  },
  "committed": {
    "overrides": [
      {
        "files": [
          "*",
        ],
        "processor": "diff/committed",
      },
    ],
    "plugins": [
      "diff",
    ],
  },
  "diff": {
    "overrides": [
      {
        "files": [
          "*",
        ],
        "processor": "diff/diff",
      },
    ],
    "plugins": [
      "diff",
    ],
  },
  "staged": {
    "overrides": [
      {
        "files": [
          "*",
        ],
        "processor": "diff/staged",
      },
    ],
    "plugins": [
      "diff",
    ],
  },
}
`;

exports[`plugin should match expected export 2`] = `
{
  "ci": {
    "postprocess": [Function],
    "preprocess": [Function],
    "supportsAutofix": true,
  },
  "committed": {
    "postprocess": [Function],
    "preprocess": [Function],
    "supportsAutofix": false,
  },
  "diff": {
    "postprocess": [Function],
    "preprocess": [Function],
    "supportsAutofix": true,
  },
  "staged": {
    "postprocess": [Function],
    "preprocess": [Function],
    "supportsAutofix": true,
  },
}
`;
